HI-TECH Software C Compiler 

Linker command line:

--edf=C:\Program Files (x86)\HI-TECH Software\PICC\9.82\dat\en_msgs.txt -cs \
  -h+dist/default/production\wavgen.v1.0.X.production.sym -z -Q16F819 \
  -ol.obj -Mdist/default/production/wavgen.v1.0.X.production.map -E1 \
  -ACONST=00h-0FFhx8 -ACODE=00h-07FFh -ASTRCODE=00h-07FFh \
  -AENTRY=00h-0FFhx8 -ASTRING=00h-0FFhx8 -ABANK0=020h-06Fh \
  -ABANK1=0A0h-0EFh -ABANK2=0120h-016Fh \
  -ARAM=020h-06Fh,0A0h-0EFh,0120h-016Fh \
  -AABS1=020h-07Fh,0A0h-0EFh,0120h-016Fh -ACOMMON=070h-07Fh -ASFR0=00h-01Fh \
  -ASFR1=080h-09Fh -ASFR2=0100h-011Fh -ASFR3=0180h-01EFh \
  -preset_vec=00h,intentry=04h,init,end_init -ppowerup=CODE -pfunctab=CODE \
  -ACONFIG=02007h-02007h -pconfig=CONFIG -DCONFIG=2 -AIDLOC=02000h-02003h \
  -pidloc=IDLOC -DIDLOC=2 -AEEDATA=00h-0FFh/02100h -peeprom_data=EEDATA \
  -DEEDATA=2 -DCODE=2 -DSTRCODE=2 -DSTRING=2 -DCONST=2 -DENTRY=2 -k \
  C:\Users\dhood\AppData\Local\Temp\s4o8.obj \
  dist/default/production\wavgen.v1.0.X.production.obj 

Object code version is 3.10

Machine type is 16F819



                Name                               Link     Load   Length Selector   Space Scale
C:\Users\dhood\AppData\Local\Temp\s4o8.obj
                end_init                             10       10        1        8       0
                reset_vec                             0        0        1        0       0
dist/default/production\wavgen.v1.0.X.production.obj
                intentry                              4        4        C        8       0
                config                             2007     2007        1     400E       0
                text105                              85       85       25        8       0
                text104                              3A       3A       26        8       0
                text103                              60       60       25        8       0
                maintext                             11       11       29        8       0
                cstackCOMMON                         70       70        4       70       1
                cinit                                AA       AA        2        8       0
                nvCOMMON                             74       74        2       70       1

TOTAL           Name                               Link     Load   Length     Space
        CLASS   CONST          

        CLASS   CODE           
                end_init                             10       10        1         0
                intentry                              4        4        C         0
                reset_vec                             0        0        1         0
                text105                              85       85       25         0
                text104                              3A       3A       26         0
                text103                              60       60       25         0
                maintext                             11       11       29         0
                cinit                                AA       AA        2         0

        CLASS   STRCODE        

        CLASS   ENTRY          

        CLASS   STRING         

        CLASS   BANK0          

        CLASS   BANK1          

        CLASS   BANK2          

        CLASS   RAM            

        CLASS   ABS1           
                abs_s1                               7E       7E        2         1

        CLASS   COMMON         
                cstackCOMMON                         70       70        4         1
                nvCOMMON                             74       74        2         1

        CLASS   SFR0           

        CLASS   SFR1           

        CLASS   SFR2           

        CLASS   SFR3           

        CLASS   CONFIG         
                config                             2007     2007        1         0

        CLASS   IDLOC          

        CLASS   EEDATA         

        CLASS   BANK3          



SEGMENTS        Name                           Load    Length   Top    Selector   Space  Class     Delta

                reset_vec                      000000  000001  000001         0       0  CODE        2
                intentry                       000004  0000A8  0000AC         8       0  CODE        2
                cstackCOMMON                   000070  000006  000076        70       1  COMMON      1
                config                         002007  000001  002008      400E       0  CONFIG      2


UNUSED ADDRESS RANGES

        Name                Unused          Largest block    Delta
        BANK0            0020-006F             50           1
        BANK1            00A0-00EF             50           1
        BANK2            0120-016F             50           1
        CODE             0001-0003              3           2
                         00AC-07FF            754
        COMMON           0076-007D              8           1
        CONST            0001-0003              3           2
                         00AC-07FF            100
        EEDATA           2100-21FF            100           2
        ENTRY            0001-0003              3           2
                         00AC-07FF            100
        IDLOC            2000-2003              4           2
        RAM              0020-006F             50           1
                         00A0-00EF             50
                         0120-016F             50
        SFR0             0000-001F             20           1
        SFR1             0080-009F             20           1
        SFR2             0100-011F             20           1
        SFR3             0180-01EF             70           1
        STRCODE          0001-0003              3           2
                         00AC-07FF            754
        STRING           0001-0003              3           2
                         00AC-07FF            100

                                  Symbol Table

??_isr                  cstackCOMMON 0070
??_main                 cstackCOMMON 0074
??_update_duty          cstackCOMMON 0074
??i1_update_duty        cstackCOMMON 0070
?_isr                   cstackCOMMON 0070
?_main                  cstackCOMMON 0070
?_update_duty           cstackCOMMON 0070
?i1_update_duty         cstackCOMMON 0070
_ADCON1                 (abs)        009F
_CARRY                  (abs)        0018
_CCP1M2                 (abs)        00BA
_CCP1M3                 (abs)        00BB
_CCP1X                  (abs)        00BD
_CCP1Y                  (abs)        00BC
_CCPR1L                 (abs)        0015
_EEADR                  (abs)        010D
_EECON1                 (abs)        018C
_EECON2                 (abs)        018D
_EEDATA                 (abs)        010C
_GIE                    (abs)        005F
_IRCF0                  (abs)        047C
_IRCF1                  (abs)        047D
_IRCF2                  (abs)        047E
_PORTA                  (abs)        0005
_PR2                    (abs)        0092
_PS0                    (abs)        0408
_PS1                    (abs)        0409
_PS2                    (abs)        040A
_PSA                    (abs)        040B
_RD                     (abs)        0C60
_T0CS                   (abs)        040D
_T2CKPS0                (abs)        0090
_T2CKPS1                (abs)        0091
_TMR0IE                 (abs)        005D
_TMR0IF                 (abs)        005A
_TRISA                  (abs)        0085
_TRISB                  (abs)        0086
_WR                     (abs)        0C61
_WREN                   (abs)        0C62
__Habs1                 abs1         0000
__Hbank0                bank0        0000
__Hbank1                bank1        0000
__Hbank2                bank2        0000
__Hbank3                bank3        0000
__Hcinit                cinit        0000
__Hclrtext              clrtext      0000
__Hcode                 code         0000
__Hcommon               common       0000
__Hconfig               config       2008
__HcstackCOMMON         cstackCOMMON 0000
__Heeprom_data          eeprom_data  0000
__Hend_init             end_init     0011
__Hfunctab              functab      0000
__Hidloc                idloc        0000
__Hinit                 init         0010
__Hintentry             intentry     0010
__Hmaintext             maintext     0000
__HnvCOMMON             nvCOMMON     0000
__Hpowerup              powerup      0000
__Hram                  ram          0000
__Hreset_vec            reset_vec    0001
__Hsfr0                 sfr0         0000
__Hsfr1                 sfr1         0000
__Hsfr2                 sfr2         0000
__Hsfr3                 sfr3         0000
__Hstrings              strings      0000
__Htext                 text         0000
__Labs1                 abs1         0000
__Lbank0                bank0        0000
__Lbank1                bank1        0000
__Lbank2                bank2        0000
__Lbank3                bank3        0000
__Lcinit                cinit        0000
__Lclrtext              clrtext      0000
__Lcode                 code         0000
__Lcommon               common       0000
__Lconfig               config       2007
__LcstackCOMMON         cstackCOMMON 0000
__Leeprom_data          eeprom_data  0000
__Lend_init             end_init     0010
__Lfunctab              functab      0000
__Lidloc                idloc        0000
__Linit                 init         0010
__Lintentry             intentry     0004
__Lmaintext             maintext     0000
__LnvCOMMON             nvCOMMON     0000
__Lpowerup              powerup      0000
__Lram                  ram          0000
__Lreset_vec            reset_vec    0000
__Lsfr0                 sfr0         0000
__Lsfr1                 sfr1         0000
__Lsfr2                 sfr2         0000
__Lsfr3                 sfr3         0000
__Lstrings              strings      0000
__Ltext                 text         0000
__S0                    (abs)        2008
__S1                    (abs)        0076
__S2                    (abs)        0000
__end_of_isr            text104      0060
__end_of_main           maintext     003A
__end_of_update_duty    text103      0085
__end_ofi1_update_duty  text105      00AA
__pcstackCOMMON         cstackCOMMON 0070
__pintentry             intentry     0004
__pmaintext             maintext     0011
__pnvCOMMON             nvCOMMON     0074
__ptext103              text103      0060
__ptext104              text104      003A
__ptext105              text105      0085
__ptext106              text106      0000
__size_of_isr           (abs)        0000
__size_of_main          (abs)        0000
__size_of_update_duty   (abs)        0000
__size_ofi1_update_duty (abs)        0000
_duty                   nvCOMMON     0074
_exit                   init         0010
_isr                    text104      003A
_main                   maintext     0011
_update_duty            text103      0060
btemp                   (abs)        007E
end_of_initialization   cinit        00AA
i1_update_duty          text105      0085
interrupt_function      intentry     0004
intlevel0               functab      0000
intlevel1               functab      0000
intlevel2               functab      0000
intlevel3               functab      0000
intlevel4               functab      0000
intlevel5               functab      0000
reset_vec               reset_vec    0000
saved_w                 (abs)        007E
start                   init         0010
start_initialization    cinit        00AA
wtemp0                  (abs)        007E
